<dataset>
    <OPTION_GROUP optionGroup="COLOR else" />
</dataset>