<dataset>
    <OPTION_GROUP optionGroup="SIZE" />
    <OPTION_GROUP optionGroup="COLOR else" />
</dataset>