<dataset>
    <POST authorName="test" authorEmail="test@gmail.com" />
</dataset>