<dataset>
    <USER_ROLE name="Admin" />
    <USER_ROLE name="User else" />
</dataset>