<dataset>
    <APP_USER username="testUpdated" password="passwordUpdated" email="testUpdated@mail.com"/>
    <APP_USER username="test else" password="password" email="test@mail.com"/>
</dataset>