<dataset>
    <ORDER_DETAIL firstName="test else"/>
</dataset>