<dataset>
    <VIEWED dateofcreate="100" />
</dataset>

