<dataset>
    <VIEWED dateofcreate="101" />
    <VIEWED dateofcreate="200" />
</dataset>

