<dataset>
    <BUCKET dateoflastupdate="100" />
</dataset>