<dataset>
    <TENANT_CONFIGURATION DATEOFCREATE = "2001-01-01" />
</dataset>