<dataset>
    <USER_DETAIL firstName="test" />
</dataset>