<dataset>
    <VIEWED dateofcreate="200" />
</dataset>

