<dataset>
    <LIKED dateofcreate="101" />
</dataset>

