<dataset>
    <TENANT_CONFIGURATION DATEOFCREATE = "101" />
</dataset>