<dataset>
    <ORG CLIENTNAME="test else" />
</dataset>