<dataset>
    <ORG_USER USERNAME="test else" EMAIL="test@mail.com" PASSWORD="password"/>
</dataset>