<dataset>
    <STORE name="testUpdated" />
</dataset>