<dataset>
    <SHOP name="testUpdated"/>
</dataset>