<dataset>
    <business_address apartmentnumber="1" building="1" flor="1" street="Some string updated"/>
</dataset>