<dataset>
    <ORDER_DETAIL firstName="testUpdated"/>
    <ORDER_DETAIL firstName="test else" />
</dataset>