<dataset>
    <ORDER_ITEM dateofcreate="101" />
    <ORDER_ITEM dateofcreate="200" />
</dataset>