<dataset>
    <ORDER_HISTORY dateofcreate="101" />
    <ORDER_HISTORY dateofcreate="101" />
</dataset>