<dataset>
    <ORDER_STATUS name="COMPLETE" />
    <ORDER_STATUS name="NEW else" />
</dataset>