<dataset>
    <PRODUCT_TYPE NAME="Clause else" />
</dataset>