<dataset>
    <CATEGORY NAME="beauty and health else" />
</dataset>