<dataset>
    <PRODUCT_STATUS name="NEW else" />
</dataset>