<dataset>
    <DISCOUNT amount="200" />
</dataset>