<dataset>
    <REVIEW dateofcreate="1693179505328" />
</dataset>

