<dataset>
    <PRODUCT_STATUS name="RUNNING_OUT" />
    <PRODUCT_STATUS name="NEW else" />
</dataset>