<dataset>
    <DISCOUNT amount="11" />
    <DISCOUNT amount="200" />
</dataset>