<dataset>
    <CATEGORY NAME="appliances" />
</dataset>