<dataset>
    <PRODUCT_TYPE NAME="Technics" />
    <PRODUCT_TYPE NAME="Clause else" />
</dataset>