<dataset>
    <BRAND NAME="Lenovo" />
    <BRAND NAME="Apple else" />
</dataset>