<dataset>
    <RATING value="1" />
    <RATING value="2" />
</dataset>