<dataset>
    <ORDER_ADDRESS STREET="Some string" BUILDING="1" FLOR="1" APARTMENTNUMBER="1"/>
</dataset>