<dataset>
    <Order_detail firstName="test" />
</dataset>