<dataset>
    <ORDER_HISTORY dateofcreate="1693179505328" />
</dataset>