<dataset>
    <ORDER_ITEM dateofcreate="1693179505328" />
</dataset>