<dataset>
    <LIKED dateofcreate="101" />
    <LIKED dateofcreate="200" />
</dataset>

