<dataset>
    <POST authorName="test else" authorEmail="test@mail.com" />
</dataset>