<dataset>
    <APP_USER username="test" password="password" email="test@gmail.com"/>
</dataset>