<dataset>
    <REVIEW dateofcreate="101" />
</dataset>

