<dataset>
    <BUCKET dateoflastupdate="1693179505328" />
</dataset>