<dataset>
    <BUCKET dateoflastupdate="101" />
</dataset>