<dataset>
    <APP_USER username="test" password="password" email="test@mail.com"/>
</dataset>