<dataset>
    <USER_DETAIL firstName="test else" />
</dataset>