<dataset>
    <USER_ROLE name="User else" />
</dataset>